How many A's? Sorry, no negative numbers
CPU Halt Requested
