How many A's? Sorry, too many A's
CPU Halt Requested
