a & b = 0
a | b = 70
a ^ b = 70
~a = -1
a << b = 0 = 0
a >> b = 0 = 0
CPU Halt Requested
