a & b = 0
a | b = 99999999
a ^ b = 99999999
~a = -100000000
a << b = 99999999 = 5f5e0ff
a >> b = 1 = 1
CPU Halt Requested
