a & b = 1
a | b = 1
a ^ b = 0
~a = -2
a << b = 2 = 2
a >> b = 0 = 0
CPU Halt Requested
