Input first number: 
Input second number: 
Result: 340
CPU Halt Requested
