Input first number: 
Input second number: 
Result: -2017
CPU Halt Requested
