Enter width, height, and color depth:
...:::::
..:--=::
.:-=$ =:
.-X#   -
.     #-
.-X#   -
.:-=$ =:
..:--X::
Done!

Counters: 
  add: 69871
  rashift: 780

CPU Halt Requested
