Enter width, height, and color depth:
...........:::::::::::::::::::::::::::::
..........::::::::::::::::::::::::::::::
........:::::---------------::::::::::::
.......:::----------===$@$===--:::::::::
......::---------====XX@  #X==---:::::::
.....:---------====X$#@    $$X==---:::::
....:--------==XXX$            X----::::
....------=$$XX$$#            @$=----:::
....-====X$@    @               ==---:::
....===XX$                     $==----::
....                          #$==----::
....===XX$                     $==----::
....-====XX#                   #==---:::
....------=X$$$$$#             #=----:::
....:--------==XXX$            X=---::::
.....::--------====X$#@    #$X==---:::::
......::---------====X$    XX==---::::::
.......:::---------===X$ $X==--:::::::::
........:::::---------------::::::::::::
.........:::::::::::::::::::::::::::::::
Done!

Counters: 
  add: 906132
  rashift: 9795

CPU Halt Requested
