Enter 2 positive integers under 100
0CPU Halt Requested
