Enter 2 positive integers under 100
4950CPU Halt Requested
