Enter 2 positive integers under 100
1CPU Halt Requested
