How many numbers: 
Where do we start: 
32223
31679
30591
28415
24063
15359
30718
28669
24571
16375
32750
32733
32699
32631
32495
32223
31679
30591
28415
24063
15359
30718
28669
24571
16375
32750
32733
32699
32631
32495
32223
31679
30591
28415
24063
15359
30718
28669
24571
16375
32750
32733
32699
32631
32495
32223
31679
30591
28415
24063
15359
30718
28669
24571
16375
32750
32733
32699
32631
32495
32223
31679
30591
28415
CPU Halt Requested
