How many numbers: 
Where do we start: 
32766
32765
32763
32759
32751
32735
32703
32639
32511
32255
31743
30719
28671
24575
16383
32766
32765
32763
32759
32751
32735
32703
32639
32511
32255
31743
30719
28671
24575
16383
32766
32765
32763
32759
32751
32735
32703
32639
32511
32255
31743
30719
28671
24575
16383
32766
32765
32763
32759
32751
32735
32703
32639
32511
32255
31743
30719
28671
24575
16383
32766
32765
32763
32759
CPU Halt Requested
