Enter x, y, z: 
Enter x, y, z: 

= (66, -31, 3)
CPU Halt Requested
