Enter a number: Number is positive
CPU Halt Requested
