a & b = 1342391059
a | b = -703595521
a ^ b = -2045986580
~a = -1410065408
a << b = 536346624 = 1ff80000
a >> b = 0 = 0
CPU Halt Requested
