Enter 2 positive integers under 100
101 too large, exiting
CPU Halt Requested
