Enter 2 positive integers under 100
-5 too small, exiting
CPU Halt Requested
