Enter a number: Number is negative
CPU Halt Requested
